// Jest Snapshot v1, https://goo.gl/fbAQLP

exports[`should render video list component 1`] = `
<div
  class="video-wrapper"
  data-testid="video-thumbnail-wrapper"
>
  <div
    data-testid="video-thumbnail"
    videodata="[object Object]"
  />
</div>
`;
