// Jest Snapshot v1, https://goo.gl/fbAQLP

exports[`should render video list component 1`] = `
<div
  data-testid="video-list"
  listdata=""
/>
`;
